ASxxxx Linker V02.00 + NoICE + sdld,  page 1.
Hexadecimal  [32-Bits]

Area                                    Addr        Size        Decimal Bytes (Attributes)
--------------------------------        ----        ----        ------- ----- ------------
CABS                                00000000    00000000 =           0. bytes (ABS,CON,CODE)

      Value  Global                              Global Defined In Module
      -----  --------------------------------   ------------------------
     0C:   00000000  l_BIT_BANK                      
     0C:   00000000  l_CABS                          
     0C:   00000000  l_GSINIT1                       
     0C:   00000000  l_GSINIT5                       
     0C:   00000000  l_IABS                          
     0C:   00000000  l_ISEG                          
     0C:   00000000  l_OSEG                          
     0C:   00000000  l_REG_BANK_1                    
     0C:   00000000  l_REG_BANK_2                    
     0C:   00000000  l_REG_BANK_3                    
     0C:   00000000  l_RSEG                          
     0C:   00000000  l_RSEG0                         
     0C:   00000000  l_RSEG1                         
     0C:   00000000  l_XABS                          
     0C:   00000000  l__CODE                         
     0C:   00000000  s_BSEG                          
     0C:   00000000  s_CABS                          
     0C:   00000000  s_DSEG                          
     0C:   00000000  s_IABS                          
     0C:   00000000  s_ISEG                          
     0C:   00000000  s_REG_BANK_0                    
     0C:   00000000  s_RSEG                          
     0C:   00000000  s_RSEG0                         
     0C:   00000000  s_RSEG1                         
     0C:   00000000  s_XABS                          
     0C:   00000002  l_BSEG_BYTES                    
     0C:   00000003  l_GSFINAL                       
     0C:   00000003  l_GSINIT0                       
     0C:   00000008  l_REG_BANK_0                    
     0C:   00000008  s_REG_BANK_1                    
     0C:   00000009  l_BSEG                          
     0C:   00000009  l_XINIT                         
     0C:   00000009  l_XISEG                         
     0C:   0000000A  l_GSINIT2                       
     0C:   00000010  s_REG_BANK_2                    
     0C:   00000018  s_BIT_BANK                      
     0C:   00000018  s_OSEG                          
     0C:   00000018  s_REG_BANK_3                    
     0C:   00000020  l_PSEG                          
     0C:   00000020  s_BSEG_BYTES                    
     0C:   00000020  s__CODE                         
     0C:   00000022  l_GSINIT3                       
     0C:   00000022  s_SSEG                          
     0C:   0000002A  l_GSINIT4                       
     0C:   00000038  l_GSINIT                        
     0C:   0000003E  l_XSEG                          
     0C:   00000069  l_DSEG                          
     0C:   0000006D  l_HOME                          
     0C:   00000098  l_CONST                         
     0C:   000000DE  l_SSEG                          
ASxxxx Linker V02.00 + NoICE + sdld,  page 2.
Hexadecimal  [32-Bits]

Area                                    Addr        Size        Decimal Bytes (Attributes)
--------------------------------        ----        ----        ------- ----- ------------
CABS                                00000000    00000000 =           0. bytes (ABS,CON,CODE)

      Value  Global                              Global Defined In Module
      -----  --------------------------------   ------------------------
     0C:   00000100  l_IRAM                          
     0C:   00000400  s_HOME                          
     0C:   0000046D  s_GSINIT0                       
     0C:   00000470  s_GSINIT1                       
     0C:   00000470  s_GSINIT2                       
     0C:   0000047A  s_GSINIT3                       
     0C:   0000049C  s_GSINIT4                       
     0C:   000004C6  s_GSINIT                        
     0C:   000004C6  s_GSINIT5                       
     0C:   000004FE  s_GSFINAL                       
     0C:   00000501  s_CSEG                          
     0C:   00000D3C  l_CSEG                          
     0C:   0000123D  s_CONST                         
     0C:   000012D5  s_XINIT                         
     0C:   0000F000  s_PSEG                          
     0C:   0000F000  s_XSEG                          
     0C:   0000F05E  s_XISEG                         

ASxxxx Linker V02.00 + NoICE + sdld,  page 3.
Hexadecimal  [32-Bits]

Area                                    Addr        Size        Decimal Bytes (Attributes)
--------------------------------        ----        ----        ------- ----- ------------
.	.ABS.                             00000000    00000000 =           0. bytes (ABS,CON)

      Value  Global                              Global Defined In Module
      -----  --------------------------------   ------------------------
           00000000  .__.ABS.                           delay
           00000080  Fboard$P0$0$0                      board
           00000080  Fboard$P0_0$0$0                    board
           00000080  Fdma$P0$0$0                        dma
           00000080  Fdma$P0_0$0$0                      dma
           00000080  Fgreen_led$P0$0$0                  green_led
           00000080  Fgreen_led$P0_0$0$0                green_led
           00000080  Fradio_registers$P0$0$0            radio_registers
           00000080  Fradio_registers$P0_0$0$0          radio_registers
           00000080  Ftest_radio_signal_tx$P0$0$0       test_radio_signal_tx
           00000080  Ftest_radio_signal_tx$P0_0$0$0     test_radio_signal_tx
           00000080  Ftime$P0$0$0                       time
           00000080  Ftime$P0_0$0$0                     time
           00000080  Fusb$P0$0$0                        usb
           00000080  Fusb$P0_0$0$0                      usb
           00000080  Fusb_cdc_acm$P0$0$0                usb_cdc_acm
           00000080  Fusb_cdc_acm$P0_0$0$0              usb_cdc_acm
           00000081  Fboard$P0_1$0$0                    board
           00000081  Fboard$SP$0$0                      board
           00000081  Fdma$P0_1$0$0                      dma
           00000081  Fdma$SP$0$0                        dma
           00000081  Fgreen_led$P0_1$0$0                green_led
           00000081  Fgreen_led$SP$0$0                  green_led
           00000081  Fradio_registers$P0_1$0$0          radio_registers
           00000081  Fradio_registers$SP$0$0            radio_registers
           00000081  Ftest_radio_signal_tx$P0_1$0$0     test_radio_signal_tx
           00000081  Ftest_radio_signal_tx$SP$0$0       test_radio_signal_tx
           00000081  Ftime$P0_1$0$0                     time
           00000081  Ftime$SP$0$0                       time
           00000081  Fusb$P0_1$0$0                      usb
           00000081  Fusb$SP$0$0                        usb
           00000081  Fusb_cdc_acm$P0_1$0$0              usb_cdc_acm
           00000081  Fusb_cdc_acm$SP$0$0                usb_cdc_acm
           00000082  Fboard$DPL0$0$0                    board
           00000082  Fboard$P0_2$0$0                    board
           00000082  Fdma$DPL0$0$0                      dma
           00000082  Fdma$P0_2$0$0                      dma
           00000082  Fgreen_led$DPL0$0$0                green_led
           00000082  Fgreen_led$P0_2$0$0                green_led
           00000082  Fradio_registers$DPL0$0$0          radio_registers
           00000082  Fradio_registers$P0_2$0$0          radio_registers
           00000082  Ftest_radio_signal_tx$DPL0$0$0     test_radio_signal_tx
           00000082  Ftest_radio_signal_tx$P0_2$0$0     test_radio_signal_tx
           00000082  Ftime$DPL0$0$0                     time
           00000082  Ftime$P0_2$0$0                     time
           00000082  Fusb$DPL0$0$0                      usb
           00000082  Fusb$P0_2$0$0                      usb
           00000082  Fusb_cdc_acm$DPL0$0$0              usb_cdc_acm
           00000082  Fusb_cdc_acm$P0_2$0$0              usb_cdc_acm
           00000083  Fboard$DPH0$0$0                    board
ASxxxx Linker V02.00 + NoICE + sdld,  page 4.
Hexadecimal  [32-Bits]

Area                                    Addr        Size        Decimal Bytes (Attributes)
--------------------------------        ----        ----        ------- ----- ------------
.	.ABS.                             00000000    00000000 =           0. bytes (ABS,CON)

      Value  Global                              Global Defined In Module
      -----  --------------------------------   ------------------------
           00000083  Fboard$P0_3$0$0                    board
           00000083  Fdma$DPH0$0$0                      dma
           00000083  Fdma$P0_3$0$0                      dma
           00000083  Fgreen_led$DPH0$0$0                green_led
           00000083  Fgreen_led$P0_3$0$0                green_led
           00000083  Fradio_registers$DPH0$0$0          radio_registers
           00000083  Fradio_registers$P0_3$0$0          radio_registers
           00000083  Ftest_radio_signal_tx$DPH0$0$0     test_radio_signal_tx
           00000083  Ftest_radio_signal_tx$P0_3$0$0     test_radio_signal_tx
           00000083  Ftime$DPH0$0$0                     time
           00000083  Ftime$P0_3$0$0                     time
           00000083  Fusb$DPH0$0$0                      usb
           00000083  Fusb$P0_3$0$0                      usb
           00000083  Fusb_cdc_acm$DPH0$0$0              usb_cdc_acm
           00000083  Fusb_cdc_acm$P0_3$0$0              usb_cdc_acm
           00000084  Fboard$DPL1$0$0                    board
           00000084  Fboard$P0_4$0$0                    board
           00000084  Fdma$DPL1$0$0                      dma
           00000084  Fdma$P0_4$0$0                      dma
           00000084  Fgreen_led$DPL1$0$0                green_led
           00000084  Fgreen_led$P0_4$0$0                green_led
           00000084  Fradio_registers$DPL1$0$0          radio_registers
           00000084  Fradio_registers$P0_4$0$0          radio_registers
           00000084  Ftest_radio_signal_tx$DPL1$0$0     test_radio_signal_tx
           00000084  Ftest_radio_signal_tx$P0_4$0$0     test_radio_signal_tx
           00000084  Ftime$DPL1$0$0                     time
           00000084  Ftime$P0_4$0$0                     time
           00000084  Fusb$DPL1$0$0                      usb
           00000084  Fusb$P0_4$0$0                      usb
           00000084  Fusb_cdc_acm$DPL1$0$0              usb_cdc_acm
           00000084  Fusb_cdc_acm$P0_4$0$0              usb_cdc_acm
           00000085  Fboard$DPH1$0$0                    board
           00000085  Fboard$P0_5$0$0                    board
           00000085  Fdma$DPH1$0$0                      dma
           00000085  Fdma$P0_5$0$0                      dma
           00000085  Fgreen_led$DPH1$0$0                green_led
           00000085  Fgreen_led$P0_5$0$0                green_led
           00000085  Fradio_registers$DPH1$0$0          radio_registers
           00000085  Fradio_registers$P0_5$0$0          radio_registers
           00000085  Ftest_radio_signal_tx$DPH1$0$0     test_radio_signal_tx
           00000085  Ftest_radio_signal_tx$P0_5$0$0     test_radio_signal_tx
           00000085  Ftime$DPH1$0$0                     time
           00000085  Ftime$P0_5$0$0                     time
           00000085  Fusb$DPH1$0$0                      usb
           00000085  Fusb$P0_5$0$0                      usb
           00000085  Fusb_cdc_acm$DPH1$0$0              usb_cdc_acm
           00000085  Fusb_cdc_acm$P0_5$0$0              usb_cdc_acm
           00000086  Fboard$P0_6$0$0                    board
           00000086  Fboard$U0CSR$0$0                   board
           00000086  Fdma$P0_6$0$0                      dma
           00000086  Fdma$U0CSR$0$0                     dma
ASxxxx Linker V02.00 + NoICE + sdld,  page 5.
Hexadecimal  [32-Bits]

Area                                    Addr        Size        Decimal Bytes (Attributes)
--------------------------------        ----        ----        ------- ----- ------------
.	.ABS.                             00000000    00000000 =           0. bytes (ABS,CON)

      Value  Global                              Global Defined In Module
      -----  --------------------------------   ------------------------
           00000086  Fgreen_led$P0_6$0$0                green_led
           00000086  Fgreen_led$U0CSR$0$0               green_led
           00000086  Fradio_registers$P0_6$0$0          radio_registers
           00000086  Fradio_registers$U0CSR$0$0         radio_registers
           00000086  Ftest_radio_signal_tx$P0_6$0$0     test_radio_signal_tx
           00000086  Ftest_radio_signal_tx$U0CSR$0$0    test_radio_signal_tx
           00000086  Ftime$P0_6$0$0                     time
           00000086  Ftime$U0CSR$0$0                    time
           00000086  Fusb$P0_6$0$0                      usb
           00000086  Fusb$U0CSR$0$0                     usb
           00000086  Fusb_cdc_acm$P0_6$0$0              usb_cdc_acm
           00000086  Fusb_cdc_acm$U0CSR$0$0             usb_cdc_acm
           00000087  Fboard$P0_7$0$0                    board
           00000087  Fboard$PCON$0$0                    board
           00000087  Fdma$P0_7$0$0                      dma
           00000087  Fdma$PCON$0$0                      dma
           00000087  Fgreen_led$P0_7$0$0                green_led
           00000087  Fgreen_led$PCON$0$0                green_led
           00000087  Fradio_registers$P0_7$0$0          radio_registers
           00000087  Fradio_registers$PCON$0$0          radio_registers
           00000087  Ftest_radio_signal_tx$P0_7$0$0     test_radio_signal_tx
           00000087  Ftest_radio_signal_tx$PCON$0$0     test_radio_signal_tx
           00000087  Ftime$P0_7$0$0                     time
           00000087  Ftime$PCON$0$0                     time
           00000087  Fusb$P0_7$0$0                      usb
           00000087  Fusb$PCON$0$0                      usb
           00000087  Fusb_cdc_acm$P0_7$0$0              usb_cdc_acm
           00000087  Fusb_cdc_acm$PCON$0$0              usb_cdc_acm
           00000088  Fboard$TCON$0$0                    board
           00000088  Fboard$_TCON_0$0$0                 board
           00000088  Fdma$TCON$0$0                      dma
           00000088  Fdma$_TCON_0$0$0                   dma
           00000088  Fgreen_led$TCON$0$0                green_led
           00000088  Fgreen_led$_TCON_0$0$0             green_led
           00000088  Fradio_registers$TCON$0$0          radio_registers
           00000088  Fradio_registers$_TCON_0$0$0       radio_registers
           00000088  Ftest_radio_signal_tx$TCON$0$0     test_radio_signal_tx
           00000088  Ftest_radio_signal_tx$_TCON_0$0$   test_radio_signal_tx
           00000088  Ftime$TCON$0$0                     time
           00000088  Ftime$_TCON_0$0$0                  time
           00000088  Fusb$TCON$0$0                      usb
           00000088  Fusb$_TCON_0$0$0                   usb
           00000088  Fusb_cdc_acm$TCON$0$0              usb_cdc_acm
           00000088  Fusb_cdc_acm$_TCON_0$0$0           usb_cdc_acm
           00000089  Fboard$P0IFG$0$0                   board
           00000089  Fboard$RFTXRXIF$0$0                board
           00000089  Fdma$P0IFG$0$0                     dma
           00000089  Fdma$RFTXRXIF$0$0                  dma
           00000089  Fgreen_led$P0IFG$0$0               green_led
           00000089  Fgreen_led$RFTXRXIF$0$0            green_led
           00000089  Fradio_registers$P0IFG$0$0         radio_registers
ASxxxx Linker V02.00 + NoICE + sdld,  page 6.
Hexadecimal  [32-Bits]

Area                                    Addr        Size        Decimal Bytes (Attributes)
--------------------------------        ----        ----        ------- ----- ------------
.	.ABS.                             00000000    00000000 =           0. bytes (ABS,CON)

      Value  Global                              Global Defined In Module
      -----  --------------------------------   ------------------------
           00000089  Fradio_registers$RFTXRXIF$0$0      radio_registers
           00000089  Ftest_radio_signal_tx$P0IFG$0$0    test_radio_signal_tx
           00000089  Ftest_radio_signal_tx$RFTXRXIF$0   test_radio_signal_tx
           00000089  Ftime$P0IFG$0$0                    time
           00000089  Ftime$RFTXRXIF$0$0                 time
           00000089  Fusb$P0IFG$0$0                     usb
           00000089  Fusb$RFTXRXIF$0$0                  usb
           00000089  Fusb_cdc_acm$P0IFG$0$0             usb_cdc_acm
           00000089  Fusb_cdc_acm$RFTXRXIF$0$0          usb_cdc_acm
           0000008A  Fboard$P1IFG$0$0                   board
           0000008A  Fboard$_TCON_2$0$0                 board
           0000008A  Fdma$P1IFG$0$0                     dma
           0000008A  Fdma$_TCON_2$0$0                   dma
           0000008A  Fgreen_led$P1IFG$0$0               green_led
           0000008A  Fgreen_led$_TCON_2$0$0             green_led
           0000008A  Fradio_registers$P1IFG$0$0         radio_registers
           0000008A  Fradio_registers$_TCON_2$0$0       radio_registers
           0000008A  Ftest_radio_signal_tx$P1IFG$0$0    test_radio_signal_tx
           0000008A  Ftest_radio_signal_tx$_TCON_2$0$   test_radio_signal_tx
           0000008A  Ftime$P1IFG$0$0                    time
           0000008A  Ftime$_TCON_2$0$0                  time
           0000008A  Fusb$P1IFG$0$0                     usb
           0000008A  Fusb$_TCON_2$0$0                   usb
           0000008A  Fusb_cdc_acm$P1IFG$0$0             usb_cdc_acm
           0000008A  Fusb_cdc_acm$_TCON_2$0$0           usb_cdc_acm
           0000008B  Fboard$P2IFG$0$0                   board
           0000008B  Fboard$URX0IF$0$0                  board
           0000008B  Fdma$P2IFG$0$0                     dma
           0000008B  Fdma$URX0IF$0$0                    dma
           0000008B  Fgreen_led$P2IFG$0$0               green_led
           0000008B  Fgreen_led$URX0IF$0$0              green_led
           0000008B  Fradio_registers$P2IFG$0$0         radio_registers
           0000008B  Fradio_registers$URX0IF$0$0        radio_registers
           0000008B  Ftest_radio_signal_tx$P2IFG$0$0    test_radio_signal_tx
           0000008B  Ftest_radio_signal_tx$URX0IF$0$0   test_radio_signal_tx
           0000008B  Ftime$P2IFG$0$0                    time
           0000008B  Ftime$URX0IF$0$0                   time
           0000008B  Fusb$P2IFG$0$0                     usb
           0000008B  Fusb$URX0IF$0$0                    usb
           0000008B  Fusb_cdc_acm$P2IFG$0$0             usb_cdc_acm
           0000008B  Fusb_cdc_acm$URX0IF$0$0            usb_cdc_acm
           0000008C  Fboard$PICTL$0$0                   board
           0000008C  Fboard$_TCON_4$0$0                 board
           0000008C  Fdma$PICTL$0$0                     dma
           0000008C  Fdma$_TCON_4$0$0                   dma
           0000008C  Fgreen_led$PICTL$0$0               green_led
           0000008C  Fgreen_led$_TCON_4$0$0             green_led
           0000008C  Fradio_registers$PICTL$0$0         radio_registers
           0000008C  Fradio_registers$_TCON_4$0$0       radio_registers
           0000008C  Ftest_radio_signal_tx$PICTL$0$0    test_radio_signal_tx
           0000008C  Ftest_radio_signal_tx$_TCON_4$0$   test_radio_signal_tx
ASxxxx Linker V02.00 + NoICE + sdld,  page 7.
Hexadecimal  [32-Bits]

Area                                    Addr        Size        Decimal Bytes (Attributes)
--------------------------------        ----        ----        ------- ----- ------------
.	.ABS.                             00000000    00000000 =           0. bytes (ABS,CON)

      Value  Global                              Global Defined In Module
      -----  --------------------------------   ------------------------
           0000008C  Ftime$PICTL$0$0                    time
           0000008C  Ftime$_TCON_4$0$0                  time
           0000008C  Fusb$PICTL$0$0                     usb
           0000008C  Fusb$_TCON_4$0$0                   usb
           0000008C  Fusb_cdc_acm$PICTL$0$0             usb_cdc_acm
           0000008C  Fusb_cdc_acm$_TCON_4$0$0           usb_cdc_acm
           0000008D  Fboard$ADCIF$0$0                   board
           0000008D  Fboard$P1IEN$0$0                   board
           0000008D  Fdma$ADCIF$0$0                     dma
           0000008D  Fdma$P1IEN$0$0                     dma
           0000008D  Fgreen_led$ADCIF$0$0               green_led
           0000008D  Fgreen_led$P1IEN$0$0               green_led
           0000008D  Fradio_registers$ADCIF$0$0         radio_registers
           0000008D  Fradio_registers$P1IEN$0$0         radio_registers
           0000008D  Ftest_radio_signal_tx$ADCIF$0$0    test_radio_signal_tx
           0000008D  Ftest_radio_signal_tx$P1IEN$0$0    test_radio_signal_tx
           0000008D  Ftime$ADCIF$0$0                    time
           0000008D  Ftime$P1IEN$0$0                    time
           0000008D  Fusb$ADCIF$0$0                     usb
           0000008D  Fusb$P1IEN$0$0                     usb
           0000008D  Fusb_cdc_acm$ADCIF$0$0             usb_cdc_acm
           0000008D  Fusb_cdc_acm$P1IEN$0$0             usb_cdc_acm
           0000008E  Fboard$_TCON_6$0$0                 board
           0000008E  Fdma$_TCON_6$0$0                   dma
           0000008E  Fgreen_led$_TCON_6$0$0             green_led
           0000008E  Fradio_registers$_TCON_6$0$0       radio_registers
           0000008E  Ftest_radio_signal_tx$_TCON_6$0$   test_radio_signal_tx
           0000008E  Ftime$_TCON_6$0$0                  time
           0000008E  Fusb$_TCON_6$0$0                   usb
           0000008E  Fusb_cdc_acm$_TCON_6$0$0           usb_cdc_acm
           0000008F  Fboard$P0INP$0$0                   board
           0000008F  Fboard$URX1IF$0$0                  board
           0000008F  Fdma$P0INP$0$0                     dma
           0000008F  Fdma$URX1IF$0$0                    dma
           0000008F  Fgreen_led$P0INP$0$0               green_led
           0000008F  Fgreen_led$URX1IF$0$0              green_led
           0000008F  Fradio_registers$P0INP$0$0         radio_registers
           0000008F  Fradio_registers$URX1IF$0$0        radio_registers
           0000008F  Ftest_radio_signal_tx$P0INP$0$0    test_radio_signal_tx
           0000008F  Ftest_radio_signal_tx$URX1IF$0$0   test_radio_signal_tx
           0000008F  Ftime$P0INP$0$0                    time
           0000008F  Ftime$URX1IF$0$0                   time
           0000008F  Fusb$P0INP$0$0                     usb
           0000008F  Fusb$URX1IF$0$0                    usb
           0000008F  Fusb_cdc_acm$P0INP$0$0             usb_cdc_acm
           0000008F  Fusb_cdc_acm$URX1IF$0$0            usb_cdc_acm
           00000090  Fboard$P1$0$0                      board
           00000090  Fboard$P1_0$0$0                    board
           00000090  Fdma$P1$0$0                        dma
           00000090  Fdma$P1_0$0$0                      dma
           00000090  Fgreen_led$P1$0$0                  green_led
ASxxxx Linker V02.00 + NoICE + sdld,  page 8.
Hexadecimal  [32-Bits]

Area                                    Addr        Size        Decimal Bytes (Attributes)
--------------------------------        ----        ----        ------- ----- ------------
.	.ABS.                             00000000    00000000 =           0. bytes (ABS,CON)

      Value  Global                              Global Defined In Module
      -----  --------------------------------   ------------------------
           00000090  Fgreen_led$P1_0$0$0                green_led
           00000090  Fradio_registers$P1$0$0            radio_registers
           00000090  Fradio_registers$P1_0$0$0          radio_registers
           00000090  Ftest_radio_signal_tx$P1$0$0       test_radio_signal_tx
           00000090  Ftest_radio_signal_tx$P1_0$0$0     test_radio_signal_tx
           00000090  Ftime$P1$0$0                       time
           00000090  Ftime$P1_0$0$0                     time
           00000090  Fusb$P1$0$0                        usb
           00000090  Fusb$P1_0$0$0                      usb
           00000090  Fusb_cdc_acm$P1$0$0                usb_cdc_acm
           00000090  Fusb_cdc_acm$P1_0$0$0              usb_cdc_acm
           00000091  Fboard$P1_1$0$0                    board
           00000091  Fboard$RFIM$0$0                    board
           00000091  Fdma$P1_1$0$0                      dma
           00000091  Fdma$RFIM$0$0                      dma
           00000091  Fgreen_led$P1_1$0$0                green_led
           00000091  Fgreen_led$RFIM$0$0                green_led
           00000091  Fradio_registers$P1_1$0$0          radio_registers
           00000091  Fradio_registers$RFIM$0$0          radio_registers
           00000091  Ftest_radio_signal_tx$P1_1$0$0     test_radio_signal_tx
           00000091  Ftest_radio_signal_tx$RFIM$0$0     test_radio_signal_tx
           00000091  Ftime$P1_1$0$0                     time
           00000091  Ftime$RFIM$0$0                     time
           00000091  Fusb$P1_1$0$0                      usb
           00000091  Fusb$RFIM$0$0                      usb
           00000091  Fusb_cdc_acm$P1_1$0$0              usb_cdc_acm
           00000091  Fusb_cdc_acm$RFIM$0$0              usb_cdc_acm
           00000092  Fboard$DPS$0$0                     board
           00000092  Fboard$P1_2$0$0                    board
           00000092  Fdma$DPS$0$0                       dma
           00000092  Fdma$P1_2$0$0                      dma
           00000092  Fgreen_led$DPS$0$0                 green_led
           00000092  Fgreen_led$P1_2$0$0                green_led
           00000092  Fradio_registers$DPS$0$0           radio_registers
           00000092  Fradio_registers$P1_2$0$0          radio_registers
           00000092  Ftest_radio_signal_tx$DPS$0$0      test_radio_signal_tx
           00000092  Ftest_radio_signal_tx$P1_2$0$0     test_radio_signal_tx
           00000092  Ftime$DPS$0$0                      time
           00000092  Ftime$P1_2$0$0                     time
           00000092  Fusb$DPS$0$0                       usb
           00000092  Fusb$P1_2$0$0                      usb
           00000092  Fusb_cdc_acm$DPS$0$0               usb_cdc_acm
           00000092  Fusb_cdc_acm$P1_2$0$0              usb_cdc_acm
           00000093  Fboard$MPAGE$0$0                   board
           00000093  Fboard$P1_3$0$0                    board
           00000093  Fdma$MPAGE$0$0                     dma
           00000093  Fdma$P1_3$0$0                      dma
           00000093  Fgreen_led$MPAGE$0$0               green_led
           00000093  Fgreen_led$P1_3$0$0                green_led
           00000093  Fradio_registers$MPAGE$0$0         radio_registers
           00000093  Fradio_registers$P1_3$0$0          radio_registers
ASxxxx Linker V02.00 + NoICE + sdld,  page 9.
Hexadecimal  [32-Bits]

Area                                    Addr        Size        Decimal Bytes (Attributes)
--------------------------------        ----        ----        ------- ----- ------------
.	.ABS.                             00000000    00000000 =           0. bytes (ABS,CON)

      Value  Global                              Global Defined In Module
      -----  --------------------------------   ------------------------
           00000093  Ftest_radio_signal_tx$MPAGE$0$0    test_radio_signal_tx
           00000093  Ftest_radio_signal_tx$P1_3$0$0     test_radio_signal_tx
           00000093  Ftime$MPAGE$0$0                    time
           00000093  Ftime$P1_3$0$0                     time
           00000093  Fusb$MPAGE$0$0                     usb
           00000093  Fusb$P1_3$0$0                      usb
           00000093  Fusb_cdc_acm$MPAGE$0$0             usb_cdc_acm
           00000093  Fusb_cdc_acm$P1_3$0$0              usb_cdc_acm
           00000093  __XPAGE                            xpage
           00000094  Fboard$P1_4$0$0                    board
           00000094  Fdma$P1_4$0$0                      dma
           00000094  Fgreen_led$P1_4$0$0                green_led
           00000094  Fradio_registers$P1_4$0$0          radio_registers
           00000094  Ftest_radio_signal_tx$P1_4$0$0     test_radio_signal_tx
           00000094  Ftime$P1_4$0$0                     time
           00000094  Fusb$P1_4$0$0                      usb
           00000094  Fusb_cdc_acm$P1_4$0$0              usb_cdc_acm
           00000095  Fboard$ENDIAN$0$0                  board
           00000095  Fboard$P1_5$0$0                    board
           00000095  Fdma$ENDIAN$0$0                    dma
           00000095  Fdma$P1_5$0$0                      dma
           00000095  Fgreen_led$ENDIAN$0$0              green_led
           00000095  Fgreen_led$P1_5$0$0                green_led
           00000095  Fradio_registers$ENDIAN$0$0        radio_registers
           00000095  Fradio_registers$P1_5$0$0          radio_registers
           00000095  Ftest_radio_signal_tx$ENDIAN$0$0   test_radio_signal_tx
           00000095  Ftest_radio_signal_tx$P1_5$0$0     test_radio_signal_tx
           00000095  Ftime$ENDIAN$0$0                   time
           00000095  Ftime$P1_5$0$0                     time
           00000095  Fusb$ENDIAN$0$0                    usb
           00000095  Fusb$P1_5$0$0                      usb
           00000095  Fusb_cdc_acm$ENDIAN$0$0            usb_cdc_acm
           00000095  Fusb_cdc_acm$P1_5$0$0              usb_cdc_acm
           00000096  Fboard$P1_6$0$0                    board
           00000096  Fdma$P1_6$0$0                      dma
           00000096  Fgreen_led$P1_6$0$0                green_led
           00000096  Fradio_registers$P1_6$0$0          radio_registers
           00000096  Ftest_radio_signal_tx$P1_6$0$0     test_radio_signal_tx
           00000096  Ftime$P1_6$0$0                     time
           00000096  Fusb$P1_6$0$0                      usb
           00000096  Fusb_cdc_acm$P1_6$0$0              usb_cdc_acm
           00000097  Fboard$P1_7$0$0                    board
           00000097  Fdma$P1_7$0$0                      dma
           00000097  Fgreen_led$P1_7$0$0                green_led
           00000097  Fradio_registers$P1_7$0$0          radio_registers
           00000097  Ftest_radio_signal_tx$P1_7$0$0     test_radio_signal_tx
           00000097  Ftime$P1_7$0$0                     time
           00000097  Fusb$P1_7$0$0                      usb
           00000097  Fusb_cdc_acm$P1_7$0$0              usb_cdc_acm
           00000098  Fboard$ENCIF_0$0$0                 board
           00000098  Fboard$S0CON$0$0                   board
ASxxxx Linker V02.00 + NoICE + sdld,  page 10.
Hexadecimal  [32-Bits]

Area                                    Addr        Size        Decimal Bytes (Attributes)
--------------------------------        ----        ----        ------- ----- ------------
.	.ABS.                             00000000    00000000 =           0. bytes (ABS,CON)

      Value  Global                              Global Defined In Module
      -----  --------------------------------   ------------------------
           00000098  Fdma$ENCIF_0$0$0                   dma
           00000098  Fdma$S0CON$0$0                     dma
           00000098  Fgreen_led$ENCIF_0$0$0             green_led
           00000098  Fgreen_led$S0CON$0$0               green_led
           00000098  Fradio_registers$ENCIF_0$0$0       radio_registers
           00000098  Fradio_registers$S0CON$0$0         radio_registers
           00000098  Ftest_radio_signal_tx$ENCIF_0$0$   test_radio_signal_tx
           00000098  Ftest_radio_signal_tx$S0CON$0$0    test_radio_signal_tx
           00000098  Ftime$ENCIF_0$0$0                  time
           00000098  Ftime$S0CON$0$0                    time
           00000098  Fusb$ENCIF_0$0$0                   usb
           00000098  Fusb$S0CON$0$0                     usb
           00000098  Fusb_cdc_acm$ENCIF_0$0$0           usb_cdc_acm
           00000098  Fusb_cdc_acm$S0CON$0$0             usb_cdc_acm
           00000099  Fboard$ENCIF_1$0$0                 board
           00000099  Fdma$ENCIF_1$0$0                   dma
           00000099  Fgreen_led$ENCIF_1$0$0             green_led
           00000099  Fradio_registers$ENCIF_1$0$0       radio_registers
           00000099  Ftest_radio_signal_tx$ENCIF_1$0$   test_radio_signal_tx
           00000099  Ftime$ENCIF_1$0$0                  time
           00000099  Fusb$ENCIF_1$0$0                   usb
           00000099  Fusb_cdc_acm$ENCIF_1$0$0           usb_cdc_acm
           0000009A  Fboard$IEN2$0$0                    board
           0000009A  Fboard$_SOCON2$0$0                 board
           0000009A  Fdma$IEN2$0$0                      dma
           0000009A  Fdma$_SOCON2$0$0                   dma
           0000009A  Fgreen_led$IEN2$0$0                green_led
           0000009A  Fgreen_led$_SOCON2$0$0             green_led
           0000009A  Fradio_registers$IEN2$0$0          radio_registers
           0000009A  Fradio_registers$_SOCON2$0$0       radio_registers
           0000009A  Ftest_radio_signal_tx$IEN2$0$0     test_radio_signal_tx
           0000009A  Ftest_radio_signal_tx$_SOCON2$0$   test_radio_signal_tx
           0000009A  Ftime$IEN2$0$0                     time
           0000009A  Ftime$_SOCON2$0$0                  time
           0000009A  Fusb$IEN2$0$0                      usb
           0000009A  Fusb$_SOCON2$0$0                   usb
           0000009A  Fusb_cdc_acm$IEN2$0$0              usb_cdc_acm
           0000009A  Fusb_cdc_acm$_SOCON2$0$0           usb_cdc_acm
           0000009B  Fboard$S1CON$0$0                   board
           0000009B  Fboard$_SOCON3$0$0                 board
           0000009B  Fdma$S1CON$0$0                     dma
           0000009B  Fdma$_SOCON3$0$0                   dma
           0000009B  Fgreen_led$S1CON$0$0               green_led
           0000009B  Fgreen_led$_SOCON3$0$0             green_led
           0000009B  Fradio_registers$S1CON$0$0         radio_registers
           0000009B  Fradio_registers$_SOCON3$0$0       radio_registers
           0000009B  Ftest_radio_signal_tx$S1CON$0$0    test_radio_signal_tx
           0000009B  Ftest_radio_signal_tx$_SOCON3$0$   test_radio_signal_tx
           0000009B  Ftime$S1CON$0$0                    time
           0000009B  Ftime$_SOCON3$0$0                  time
           0000009B  Fusb$S1CON$0$0                     usb
ASxxxx Linker V02.00 + NoICE + sdld,  page 11.
Hexadecimal  [32-Bits]

Area                                    Addr        Size        Decimal Bytes (Attributes)
--------------------------------        ----        ----        ------- ----- ------------
.	.ABS.                             00000000    00000000 =           0. bytes (ABS,CON)

      Value  Global                              Global Defined In Module
      -----  --------------------------------   ------------------------
           0000009B  Fusb$_SOCON3$0$0                   usb
           0000009B  Fusb_cdc_acm$S1CON$0$0             usb_cdc_acm
           0000009B  Fusb_cdc_acm$_SOCON3$0$0           usb_cdc_acm
           0000009C  Fboard$T2CT$0$0                    board
           0000009C  Fboard$_SOCON4$0$0                 board
           0000009C  Fdma$T2CT$0$0                      dma
           0000009C  Fdma$_SOCON4$0$0                   dma
           0000009C  Fgreen_led$T2CT$0$0                green_led
           0000009C  Fgreen_led$_SOCON4$0$0             green_led
           0000009C  Fradio_registers$T2CT$0$0          radio_registers
           0000009C  Fradio_registers$_SOCON4$0$0       radio_registers
           0000009C  Ftest_radio_signal_tx$T2CT$0$0     test_radio_signal_tx
           0000009C  Ftest_radio_signal_tx$_SOCON4$0$   test_radio_signal_tx
           0000009C  Ftime$T2CT$0$0                     time
           0000009C  Ftime$_SOCON4$0$0                  time
           0000009C  Fusb$T2CT$0$0                      usb
           0000009C  Fusb$_SOCON4$0$0                   usb
           0000009C  Fusb_cdc_acm$T2CT$0$0              usb_cdc_acm
           0000009C  Fusb_cdc_acm$_SOCON4$0$0           usb_cdc_acm
           0000009D  Fboard$T2PR$0$0                    board
           0000009D  Fboard$_SOCON5$0$0                 board
           0000009D  Fdma$T2PR$0$0                      dma
           0000009D  Fdma$_SOCON5$0$0                   dma
           0000009D  Fgreen_led$T2PR$0$0                green_led
           0000009D  Fgreen_led$_SOCON5$0$0             green_led
           0000009D  Fradio_registers$T2PR$0$0          radio_registers
           0000009D  Fradio_registers$_SOCON5$0$0       radio_registers
           0000009D  Ftest_radio_signal_tx$T2PR$0$0     test_radio_signal_tx
           0000009D  Ftest_radio_signal_tx$_SOCON5$0$   test_radio_signal_tx
           0000009D  Ftime$T2PR$0$0                     time
           0000009D  Ftime$_SOCON5$0$0                  time
           0000009D  Fusb$T2PR$0$0                      usb
           0000009D  Fusb$_SOCON5$0$0                   usb
           0000009D  Fusb_cdc_acm$T2PR$0$0              usb_cdc_acm
           0000009D  Fusb_cdc_acm$_SOCON5$0$0           usb_cdc_acm
           0000009E  Fboard$T2CTL$0$0                   board
           0000009E  Fboard$_SOCON6$0$0                 board
           0000009E  Fdma$T2CTL$0$0                     dma
           0000009E  Fdma$_SOCON6$0$0                   dma
           0000009E  Fgreen_led$T2CTL$0$0               green_led
           0000009E  Fgreen_led$_SOCON6$0$0             green_led
           0000009E  Fradio_registers$T2CTL$0$0         radio_registers
           0000009E  Fradio_registers$_SOCON6$0$0       radio_registers
           0000009E  Ftest_radio_signal_tx$T2CTL$0$0    test_radio_signal_tx
           0000009E  Ftest_radio_signal_tx$_SOCON6$0$   test_radio_signal_tx
           0000009E  Ftime$T2CTL$0$0                    time
           0000009E  Ftime$_SOCON6$0$0                  time
           0000009E  Fusb$T2CTL$0$0                     usb
           0000009E  Fusb$_SOCON6$0$0                   usb
           0000009E  Fusb_cdc_acm$T2CTL$0$0             usb_cdc_acm
           0000009E  Fusb_cdc_acm$_SOCON6$0$0           usb_cdc_acm
ASxxxx Linker V02.00 + NoICE + sdld,  page 12.
Hexadecimal  [32-Bits]

Area                                    Addr        Size        Decimal Bytes (Attributes)
--------------------------------        ----        ----        ------- ----- ------------
.	.ABS.                             00000000    00000000 =           0. bytes (ABS,CON)

      Value  Global                              Global Defined In Module
      -----  --------------------------------   ------------------------
           0000009F  Fboard$_SOCON7$0$0                 board
           0000009F  Fdma$_SOCON7$0$0                   dma
           0000009F  Fgreen_led$_SOCON7$0$0             green_led
           0000009F  Fradio_registers$_SOCON7$0$0       radio_registers
           0000009F  Ftest_radio_signal_tx$_SOCON7$0$   test_radio_signal_tx
           0000009F  Ftime$_SOCON7$0$0                  time
           0000009F  Fusb$_SOCON7$0$0                   usb
           0000009F  Fusb_cdc_acm$_SOCON7$0$0           usb_cdc_acm
           000000A0  Fboard$P2$0$0                      board
           000000A0  Fboard$P2_0$0$0                    board
           000000A0  Fdma$P2$0$0                        dma
           000000A0  Fdma$P2_0$0$0                      dma
           000000A0  Fgreen_led$P2$0$0                  green_led
           000000A0  Fgreen_led$P2_0$0$0                green_led
           000000A0  Fradio_registers$P2$0$0            radio_registers
           000000A0  Fradio_registers$P2_0$0$0          radio_registers
           000000A0  Ftest_radio_signal_tx$P2$0$0       test_radio_signal_tx
           000000A0  Ftest_radio_signal_tx$P2_0$0$0     test_radio_signal_tx
           000000A0  Ftime$P2$0$0                       time
           000000A0  Ftime$P2_0$0$0                     time
           000000A0  Fusb$P2$0$0                        usb
           000000A0  Fusb$P2_0$0$0                      usb
           000000A0  Fusb_cdc_acm$P2$0$0                usb_cdc_acm
           000000A0  Fusb_cdc_acm$P2_0$0$0              usb_cdc_acm
           000000A1  Fboard$P2_1$0$0                    board
           000000A1  Fboard$WORIRQ$0$0                  board
           000000A1  Fdma$P2_1$0$0                      dma
           000000A1  Fdma$WORIRQ$0$0                    dma
           000000A1  Fgreen_led$P2_1$0$0                green_led
           000000A1  Fgreen_led$WORIRQ$0$0              green_led
           000000A1  Fradio_registers$P2_1$0$0          radio_registers
           000000A1  Fradio_registers$WORIRQ$0$0        radio_registers
           000000A1  Ftest_radio_signal_tx$P2_1$0$0     test_radio_signal_tx
           000000A1  Ftest_radio_signal_tx$WORIRQ$0$0   test_radio_signal_tx
           000000A1  Ftime$P2_1$0$0                     time
           000000A1  Ftime$WORIRQ$0$0                   time
           000000A1  Fusb$P2_1$0$0                      usb
           000000A1  Fusb$WORIRQ$0$0                    usb
           000000A1  Fusb_cdc_acm$P2_1$0$0              usb_cdc_acm
           000000A1  Fusb_cdc_acm$WORIRQ$0$0            usb_cdc_acm
           000000A2  Fboard$P2_2$0$0                    board
           000000A2  Fboard$WORCTRL$0$0                 board
           000000A2  Fdma$P2_2$0$0                      dma
           000000A2  Fdma$WORCTRL$0$0                   dma
           000000A2  Fgreen_led$P2_2$0$0                green_led
           000000A2  Fgreen_led$WORCTRL$0$0             green_led
           000000A2  Fradio_registers$P2_2$0$0          radio_registers
           000000A2  Fradio_registers$WORCTRL$0$0       radio_registers
           000000A2  Ftest_radio_signal_tx$P2_2$0$0     test_radio_signal_tx
           000000A2  Ftest_radio_signal_tx$WORCTRL$0$   test_radio_signal_tx
           000000A2  Ftime$P2_2$0$0                     time
ASxxxx Linker V02.00 + NoICE + sdld,  page 13.
Hexadecimal  [32-Bits]

Area                                    Addr        Size        Decimal Bytes (Attributes)
--------------------------------        ----        ----        ------- ----- ------------
.	.ABS.                             00000000    00000000 =           0. bytes (ABS,CON)

      Value  Global                              Global Defined In Module
      -----  --------------------------------   ------------------------
           000000A2  Ftime$WORCTRL$0$0                  time
           000000A2  Fusb$P2_2$0$0                      usb
           000000A2  Fusb$WORCTRL$0$0                   usb
           000000A2  Fusb_cdc_acm$P2_2$0$0              usb_cdc_acm
           000000A2  Fusb_cdc_acm$WORCTRL$0$0           usb_cdc_acm
           000000A3  Fboard$P2_3$0$0                    board
           000000A3  Fboard$WOREVT0$0$0                 board
           000000A3  Fdma$P2_3$0$0                      dma
           000000A3  Fdma$WOREVT0$0$0                   dma
           000000A3  Fgreen_led$P2_3$0$0                green_led
           000000A3  Fgreen_led$WOREVT0$0$0             green_led
           000000A3  Fradio_registers$P2_3$0$0          radio_registers
           000000A3  Fradio_registers$WOREVT0$0$0       radio_registers
           000000A3  Ftest_radio_signal_tx$P2_3$0$0     test_radio_signal_tx
           000000A3  Ftest_radio_signal_tx$WOREVT0$0$   test_radio_signal_tx
           000000A3  Ftime$P2_3$0$0                     time
           000000A3  Ftime$WOREVT0$0$0                  time
           000000A3  Fusb$P2_3$0$0                      usb
           000000A3  Fusb$WOREVT0$0$0                   usb
           000000A3  Fusb_cdc_acm$P2_3$0$0              usb_cdc_acm
           000000A3  Fusb_cdc_acm$WOREVT0$0$0           usb_cdc_acm
           000000A4  Fboard$P2_4$0$0                    board
           000000A4  Fboard$WOREVT1$0$0                 board
           000000A4  Fdma$P2_4$0$0                      dma
           000000A4  Fdma$WOREVT1$0$0                   dma
           000000A4  Fgreen_led$P2_4$0$0                green_led
           000000A4  Fgreen_led$WOREVT1$0$0             green_led
           000000A4  Fradio_registers$P2_4$0$0          radio_registers
           000000A4  Fradio_registers$WOREVT1$0$0       radio_registers
           000000A4  Ftest_radio_signal_tx$P2_4$0$0     test_radio_signal_tx
           000000A4  Ftest_radio_signal_tx$WOREVT1$0$   test_radio_signal_tx
           000000A4  Ftime$P2_4$0$0                     time
           000000A4  Ftime$WOREVT1$0$0                  time
           000000A4  Fusb$P2_4$0$0                      usb
           000000A4  Fusb$WOREVT1$0$0                   usb
           000000A4  Fusb_cdc_acm$P2_4$0$0              usb_cdc_acm
           000000A4  Fusb_cdc_acm$WOREVT1$0$0           usb_cdc_acm
           000000A5  Fboard$P2_5$0$0                    board
           000000A5  Fboard$WORTIME0$0$0                board
           000000A5  Fdma$P2_5$0$0                      dma
           000000A5  Fdma$WORTIME0$0$0                  dma
           000000A5  Fgreen_led$P2_5$0$0                green_led
           000000A5  Fgreen_led$WORTIME0$0$0            green_led
           000000A5  Fradio_registers$P2_5$0$0          radio_registers
           000000A5  Fradio_registers$WORTIME0$0$0      radio_registers
           000000A5  Ftest_radio_signal_tx$P2_5$0$0     test_radio_signal_tx
           000000A5  Ftest_radio_signal_tx$WORTIME0$0   test_radio_signal_tx
           000000A5  Ftime$P2_5$0$0                     time
           000000A5  Ftime$WORTIME0$0$0                 time
           000000A5  Fusb$P2_5$0$0                      usb
           000000A5  Fusb$WORTIME0$0$0                  usb
ASxxxx Linker V02.00 + NoICE + sdld,  page 14.
Hexadecimal  [32-Bits]

Area                                    Addr        Size        Decimal Bytes (Attributes)
--------------------------------        ----        ----        ------- ----- ------------
.	.ABS.                             00000000    00000000 =           0. bytes (ABS,CON)

      Value  Global                              Global Defined In Module
      -----  --------------------------------   ------------------------
           000000A5  Fusb_cdc_acm$P2_5$0$0              usb_cdc_acm
           000000A5  Fusb_cdc_acm$WORTIME0$0$0          usb_cdc_acm
           000000A6  Fboard$P2_6$0$0                    board
           000000A6  Fboard$WORTIME1$0$0                board
           000000A6  Fdma$P2_6$0$0                      dma
           000000A6  Fdma$WORTIME1$0$0                  dma
           000000A6  Fgreen_led$P2_6$0$0                green_led
           000000A6  Fgreen_led$WORTIME1$0$0            green_led
           000000A6  Fradio_registers$P2_6$0$0          radio_registers
           000000A6  Fradio_registers$WORTIME1$0$0      radio_registers
           000000A6  Ftest_radio_signal_tx$P2_6$0$0     test_radio_signal_tx
           000000A6  Ftest_radio_signal_tx$WORTIME1$0   test_radio_signal_tx
           000000A6  Ftime$P2_6$0$0                     time
           000000A6  Ftime$WORTIME1$0$0                 time
           000000A6  Fusb$P2_6$0$0                      usb
           000000A6  Fusb$WORTIME1$0$0                  usb
           000000A6  Fusb_cdc_acm$P2_6$0$0              usb_cdc_acm
           000000A6  Fusb_cdc_acm$WORTIME1$0$0          usb_cdc_acm
           000000A7  Fboard$P2_7$0$0                    board
           000000A7  Fdma$P2_7$0$0                      dma
           000000A7  Fgreen_led$P2_7$0$0                green_led
           000000A7  Fradio_registers$P2_7$0$0          radio_registers
           000000A7  Ftest_radio_signal_tx$P2_7$0$0     test_radio_signal_tx
           000000A7  Ftime$P2_7$0$0                     time
           000000A7  Fusb$P2_7$0$0                      usb
           000000A7  Fusb_cdc_acm$P2_7$0$0              usb_cdc_acm
           000000A8  Fboard$IEN0$0$0                    board
           000000A8  Fboard$RFTXRXIE$0$0                board
           000000A8  Fdma$IEN0$0$0                      dma
           000000A8  Fdma$RFTXRXIE$0$0                  dma
           000000A8  Fgreen_led$IEN0$0$0                green_led
           000000A8  Fgreen_led$RFTXRXIE$0$0            green_led
           000000A8  Fradio_registers$IEN0$0$0          radio_registers
           000000A8  Fradio_registers$RFTXRXIE$0$0      radio_registers
           000000A8  Ftest_radio_signal_tx$IEN0$0$0     test_radio_signal_tx
           000000A8  Ftest_radio_signal_tx$RFTXRXIE$0   test_radio_signal_tx
           000000A8  Ftime$IEN0$0$0                     time
           000000A8  Ftime$RFTXRXIE$0$0                 time
           000000A8  Fusb$IEN0$0$0                      usb
           000000A8  Fusb$RFTXRXIE$0$0                  usb
           000000A8  Fusb_cdc_acm$IEN0$0$0              usb_cdc_acm
           000000A8  Fusb_cdc_acm$RFTXRXIE$0$0          usb_cdc_acm
           000000A9  Fboard$ADCIE$0$0                   board
           000000A9  Fboard$IP0$0$0                     board
           000000A9  Fdma$ADCIE$0$0                     dma
           000000A9  Fdma$IP0$0$0                       dma
           000000A9  Fgreen_led$ADCIE$0$0               green_led
           000000A9  Fgreen_led$IP0$0$0                 green_led
           000000A9  Fradio_registers$ADCIE$0$0         radio_registers
           000000A9  Fradio_registers$IP0$0$0           radio_registers
           000000A9  Ftest_radio_signal_tx$ADCIE$0$0    test_radio_signal_tx
ASxxxx Linker V02.00 + NoICE + sdld,  page 15.
Hexadecimal  [32-Bits]

Area                                    Addr        Size        Decimal Bytes (Attributes)
--------------------------------        ----        ----        ------- ----- ------------
.	.ABS.                             00000000    00000000 =           0. bytes (ABS,CON)

      Value  Global                              Global Defined In Module
      -----  --------------------------------   ------------------------
           000000A9  Ftest_radio_signal_tx$IP0$0$0      test_radio_signal_tx
           000000A9  Ftime$ADCIE$0$0                    time
           000000A9  Ftime$IP0$0$0                      time
           000000A9  Fusb$ADCIE$0$0                     usb
           000000A9  Fusb$IP0$0$0                       usb
           000000A9  Fusb_cdc_acm$ADCIE$0$0             usb_cdc_acm
           000000A9  Fusb_cdc_acm$IP0$0$0               usb_cdc_acm
           000000AA  Fboard$URX0IE$0$0                  board
           000000AA  Fdma$URX0IE$0$0                    dma
           000000AA  Fgreen_led$URX0IE$0$0              green_led
           000000AA  Fradio_registers$URX0IE$0$0        radio_registers
           000000AA  Ftest_radio_signal_tx$URX0IE$0$0   test_radio_signal_tx
           000000AA  Ftime$URX0IE$0$0                   time
           000000AA  Fusb$URX0IE$0$0                    usb
           000000AA  Fusb_cdc_acm$URX0IE$0$0            usb_cdc_acm
           000000AB  Fboard$FWT$0$0                     board
           000000AB  Fboard$URX1IE$0$0                  board
           000000AB  Fdma$FWT$0$0                       dma
           000000AB  Fdma$URX1IE$0$0                    dma
           000000AB  Fgreen_led$FWT$0$0                 green_led
           000000AB  Fgreen_led$URX1IE$0$0              green_led
           000000AB  Fradio_registers$FWT$0$0           radio_registers
           000000AB  Fradio_registers$URX1IE$0$0        radio_registers
           000000AB  Ftest_radio_signal_tx$FWT$0$0      test_radio_signal_tx
           000000AB  Ftest_radio_signal_tx$URX1IE$0$0   test_radio_signal_tx
           000000AB  Ftime$FWT$0$0                      time
           000000AB  Ftime$URX1IE$0$0                   time
           000000AB  Fusb$FWT$0$0                       usb
           000000AB  Fusb$URX1IE$0$0                    usb
           000000AB  Fusb_cdc_acm$FWT$0$0               usb_cdc_acm
           000000AB  Fusb_cdc_acm$URX1IE$0$0            usb_cdc_acm
           000000AC  Fboard$ENCIE$0$0                   board
           000000AC  Fboard$FADDRL$0$0                  board
           000000AC  Fdma$ENCIE$0$0                     dma
           000000AC  Fdma$FADDRL$0$0                    dma
           000000AC  Fgreen_led$ENCIE$0$0               green_led
           000000AC  Fgreen_led$FADDRL$0$0              green_led
           000000AC  Fradio_registers$ENCIE$0$0         radio_registers
           000000AC  Fradio_registers$FADDRL$0$0        radio_registers
           000000AC  Ftest_radio_signal_tx$ENCIE$0$0    test_radio_signal_tx
           000000AC  Ftest_radio_signal_tx$FADDRL$0$0   test_radio_signal_tx
           000000AC  Ftime$ENCIE$0$0                    time
           000000AC  Ftime$FADDRL$0$0                   time
           000000AC  Fusb$ENCIE$0$0                     usb
           000000AC  Fusb$FADDRL$0$0                    usb
           000000AC  Fusb_cdc_acm$ENCIE$0$0             usb_cdc_acm
           000000AC  Fusb_cdc_acm$FADDRL$0$0            usb_cdc_acm
           000000AD  Fboard$FADDRH$0$0                  board
           000000AD  Fboard$STIE$0$0                    board
           000000AD  Fdma$FADDRH$0$0                    dma
           000000AD  Fdma$STIE$0$0                      dma
ASxxxx Linker V02.00 + NoICE + sdld,  page 16.
Hexadecimal  [32-Bits]

Area                                    Addr        Size        Decimal Bytes (Attributes)
--------------------------------        ----        ----        ------- ----- ------------
.	.ABS.                             00000000    00000000 =           0. bytes (ABS,CON)

      Value  Global                              Global Defined In Module
      -----  --------------------------------   ------------------------
           000000AD  Fgreen_led$FADDRH$0$0              green_led
           000000AD  Fgreen_led$STIE$0$0                green_led
           000000AD  Fradio_registers$FADDRH$0$0        radio_registers
           000000AD  Fradio_registers$STIE$0$0          radio_registers
           000000AD  Ftest_radio_signal_tx$FADDRH$0$0   test_radio_signal_tx
           000000AD  Ftest_radio_signal_tx$STIE$0$0     test_radio_signal_tx
           000000AD  Ftime$FADDRH$0$0                   time
           000000AD  Ftime$STIE$0$0                     time
           000000AD  Fusb$FADDRH$0$0                    usb
           000000AD  Fusb$STIE$0$0                      usb
           000000AD  Fusb_cdc_acm$FADDRH$0$0            usb_cdc_acm
           000000AD  Fusb_cdc_acm$STIE$0$0              usb_cdc_acm
           000000AE  Fboard$FCTL$0$0                    board
           000000AE  Fboard$_IEN06$0$0                  board
           000000AE  Fdma$FCTL$0$0                      dma
           000000AE  Fdma$_IEN06$0$0                    dma
           000000AE  Fgreen_led$FCTL$0$0                green_led
           000000AE  Fgreen_led$_IEN06$0$0              green_led
           000000AE  Fradio_registers$FCTL$0$0          radio_registers
           000000AE  Fradio_registers$_IEN06$0$0        radio_registers
           000000AE  Ftest_radio_signal_tx$FCTL$0$0     test_radio_signal_tx
           000000AE  Ftest_radio_signal_tx$_IEN06$0$0   test_radio_signal_tx
           000000AE  Ftime$FCTL$0$0                     time
           000000AE  Ftime$_IEN06$0$0                   time
           000000AE  Fusb$FCTL$0$0                      usb
           000000AE  Fusb$_IEN06$0$0                    usb
           000000AE  Fusb_cdc_acm$FCTL$0$0              usb_cdc_acm
           000000AE  Fusb_cdc_acm$_IEN06$0$0            usb_cdc_acm
           000000AF  Fboard$EA$0$0                      board
           000000AF  Fboard$FWDATA$0$0                  board
           000000AF  Fdma$EA$0$0                        dma
           000000AF  Fdma$FWDATA$0$0                    dma
           000000AF  Fgreen_led$EA$0$0                  green_led
           000000AF  Fgreen_led$FWDATA$0$0              green_led
           000000AF  Fradio_registers$EA$0$0            radio_registers
           000000AF  Fradio_registers$FWDATA$0$0        radio_registers
           000000AF  Ftest_radio_signal_tx$EA$0$0       test_radio_signal_tx
           000000AF  Ftest_radio_signal_tx$FWDATA$0$0   test_radio_signal_tx
           000000AF  Ftime$EA$0$0                       time
           000000AF  Ftime$FWDATA$0$0                   time
           000000AF  Fusb$EA$0$0                        usb
           000000AF  Fusb$FWDATA$0$0                    usb
           000000AF  Fusb_cdc_acm$EA$0$0                usb_cdc_acm
           000000AF  Fusb_cdc_acm$FWDATA$0$0            usb_cdc_acm
           000000B1  Fboard$ENCDI$0$0                   board
           000000B1  Fdma$ENCDI$0$0                     dma
           000000B1  Fgreen_led$ENCDI$0$0               green_led
           000000B1  Fradio_registers$ENCDI$0$0         radio_registers
           000000B1  Ftest_radio_signal_tx$ENCDI$0$0    test_radio_signal_tx
           000000B1  Ftime$ENCDI$0$0                    time
           000000B1  Fusb$ENCDI$0$0                     usb
ASxxxx Linker V02.00 + NoICE + sdld,  page 17.
Hexadecimal  [32-Bits]

Area                                    Addr        Size        Decimal Bytes (Attributes)
--------------------------------        ----        ----        ------- ----- ------------
.	.ABS.                             00000000    00000000 =           0. bytes (ABS,CON)

      Value  Global                              Global Defined In Module
      -----  --------------------------------   ------------------------
           000000B1  Fusb_cdc_acm$ENCDI$0$0             usb_cdc_acm
           000000B2  Fboard$ENCDO$0$0                   board
           000000B2  Fdma$ENCDO$0$0                     dma
           000000B2  Fgreen_led$ENCDO$0$0               green_led
           000000B2  Fradio_registers$ENCDO$0$0         radio_registers
           000000B2  Ftest_radio_signal_tx$ENCDO$0$0    test_radio_signal_tx
           000000B2  Ftime$ENCDO$0$0                    time
           000000B2  Fusb$ENCDO$0$0                     usb
           000000B2  Fusb_cdc_acm$ENCDO$0$0             usb_cdc_acm
           000000B3  Fboard$ENCCS$0$0                   board
           000000B3  Fdma$ENCCS$0$0                     dma
           000000B3  Fgreen_led$ENCCS$0$0               green_led
           000000B3  Fradio_registers$ENCCS$0$0         radio_registers
           000000B3  Ftest_radio_signal_tx$ENCCS$0$0    test_radio_signal_tx
           000000B3  Ftime$ENCCS$0$0                    time
           000000B3  Fusb$ENCCS$0$0                     usb
           000000B3  Fusb_cdc_acm$ENCCS$0$0             usb_cdc_acm
           000000B4  Fboard$ADCCON1$0$0                 board
           000000B4  Fdma$ADCCON1$0$0                   dma
           000000B4  Fgreen_led$ADCCON1$0$0             green_led
           000000B4  Fradio_registers$ADCCON1$0$0       radio_registers
           000000B4  Ftest_radio_signal_tx$ADCCON1$0$   test_radio_signal_tx
           000000B4  Ftime$ADCCON1$0$0                  time
           000000B4  Fusb$ADCCON1$0$0                   usb
           000000B4  Fusb_cdc_acm$ADCCON1$0$0           usb_cdc_acm
           000000B5  Fboard$ADCCON2$0$0                 board
           000000B5  Fdma$ADCCON2$0$0                   dma
           000000B5  Fgreen_led$ADCCON2$0$0             green_led
           000000B5  Fradio_registers$ADCCON2$0$0       radio_registers
           000000B5  Ftest_radio_signal_tx$ADCCON2$0$   test_radio_signal_tx
           000000B5  Ftime$ADCCON2$0$0                  time
           000000B5  Fusb$ADCCON2$0$0                   usb
           000000B5  Fusb_cdc_acm$ADCCON2$0$0           usb_cdc_acm
           000000B6  Fboard$ADCCON3$0$0                 board
           000000B6  Fdma$ADCCON3$0$0                   dma
           000000B6  Fgreen_led$ADCCON3$0$0             green_led
           000000B6  Fradio_registers$ADCCON3$0$0       radio_registers
           000000B6  Ftest_radio_signal_tx$ADCCON3$0$   test_radio_signal_tx
           000000B6  Ftime$ADCCON3$0$0                  time
           000000B6  Fusb$ADCCON3$0$0                   usb
           000000B6  Fusb_cdc_acm$ADCCON3$0$0           usb_cdc_acm
           000000B8  Fboard$DMAIE$0$0                   board
           000000B8  Fboard$IEN1$0$0                    board
           000000B8  Fdma$DMAIE$0$0                     dma
           000000B8  Fdma$IEN1$0$0                      dma
           000000B8  Fgreen_led$DMAIE$0$0               green_led
           000000B8  Fgreen_led$IEN1$0$0                green_led
           000000B8  Fradio_registers$DMAIE$0$0         radio_registers
           000000B8  Fradio_registers$IEN1$0$0          radio_registers
           000000B8  Ftest_radio_signal_tx$DMAIE$0$0    test_radio_signal_tx
           000000B8  Ftest_radio_signal_tx$IEN1$0$0     test_radio_signal_tx
ASxxxx Linker V02.00 + NoICE + sdld,  page 18.
Hexadecimal  [32-Bits]

Area                                    Addr        Size        Decimal Bytes (Attributes)
--------------------------------        ----        ----        ------- ----- ------------
.	.ABS.                             00000000    00000000 =           0. bytes (ABS,CON)

      Value  Global                              Global Defined In Module
      -----  --------------------------------   ------------------------
           000000B8  Ftime$DMAIE$0$0                    time
           000000B8  Ftime$IEN1$0$0                     time
           000000B8  Fusb$DMAIE$0$0                     usb
           000000B8  Fusb$IEN1$0$0                      usb
           000000B8  Fusb_cdc_acm$DMAIE$0$0             usb_cdc_acm
           000000B8  Fusb_cdc_acm$IEN1$0$0              usb_cdc_acm
           000000B9  Fboard$IP1$0$0                     board
           000000B9  Fboard$T1IE$0$0                    board
           000000B9  Fdma$IP1$0$0                       dma
           000000B9  Fdma$T1IE$0$0                      dma
           000000B9  Fgreen_led$IP1$0$0                 green_led
           000000B9  Fgreen_led$T1IE$0$0                green_led
           000000B9  Fradio_registers$IP1$0$0           radio_registers
           000000B9  Fradio_registers$T1IE$0$0          radio_registers
           000000B9  Ftest_radio_signal_tx$IP1$0$0      test_radio_signal_tx
           000000B9  Ftest_radio_signal_tx$T1IE$0$0     test_radio_signal_tx
           000000B9  Ftime$IP1$0$0                      time
           000000B9  Ftime$T1IE$0$0                     time
           000000B9  Fusb$IP1$0$0                       usb
           000000B9  Fusb$T1IE$0$0                      usb
           000000B9  Fusb_cdc_acm$IP1$0$0               usb_cdc_acm
           000000B9  Fusb_cdc_acm$T1IE$0$0              usb_cdc_acm
           000000BA  Fboard$ADCL$0$0                    board
           000000BA  Fboard$T2IE$0$0                    board
           000000BA  Fdma$ADCL$0$0                      dma
           000000BA  Fdma$T2IE$0$0                      dma
           000000BA  Fgreen_led$ADCL$0$0                green_led
           000000BA  Fgreen_led$T2IE$0$0                green_led
           000000BA  Fradio_registers$ADCL$0$0          radio_registers
           000000BA  Fradio_registers$T2IE$0$0          radio_registers
           000000BA  Ftest_radio_signal_tx$ADCL$0$0     test_radio_signal_tx
           000000BA  Ftest_radio_signal_tx$T2IE$0$0     test_radio_signal_tx
           000000BA  Ftime$ADCL$0$0                     time
           000000BA  Ftime$T2IE$0$0                     time
           000000BA  Fusb$ADCL$0$0                      usb
           000000BA  Fusb$T2IE$0$0                      usb
           000000BA  Fusb_cdc_acm$ADCL$0$0              usb_cdc_acm
           000000BA  Fusb_cdc_acm$T2IE$0$0              usb_cdc_acm
           000000BB  Fboard$ADCH$0$0                    board
           000000BB  Fboard$T3IE$0$0                    board
           000000BB  Fdma$ADCH$0$0                      dma
           000000BB  Fdma$T3IE$0$0                      dma
           000000BB  Fgreen_led$ADCH$0$0                green_led
           000000BB  Fgreen_led$T3IE$0$0                green_led
           000000BB  Fradio_registers$ADCH$0$0          radio_registers
           000000BB  Fradio_registers$T3IE$0$0          radio_registers
           000000BB  Ftest_radio_signal_tx$ADCH$0$0     test_radio_signal_tx
           000000BB  Ftest_radio_signal_tx$T3IE$0$0     test_radio_signal_tx
           000000BB  Ftime$ADCH$0$0                     time
           000000BB  Ftime$T3IE$0$0                     time
           000000BB  Fusb$ADCH$0$0                      usb
ASxxxx Linker V02.00 + NoICE + sdld,  page 19.
Hexadecimal  [32-Bits]

Area                                    Addr        Size        Decimal Bytes (Attributes)
--------------------------------        ----        ----        ------- ----- ------------
.	.ABS.                             00000000    00000000 =           0. bytes (ABS,CON)

      Value  Global                              Global Defined In Module
      -----  --------------------------------   ------------------------
           000000BB  Fusb$T3IE$0$0                      usb
           000000BB  Fusb_cdc_acm$ADCH$0$0              usb_cdc_acm
           000000BB  Fusb_cdc_acm$T3IE$0$0              usb_cdc_acm
           000000BC  Fboard$RNDL$0$0                    board
           000000BC  Fboard$T4IE$0$0                    board
           000000BC  Fdma$RNDL$0$0                      dma
           000000BC  Fdma$T4IE$0$0                      dma
           000000BC  Fgreen_led$RNDL$0$0                green_led
           000000BC  Fgreen_led$T4IE$0$0                green_led
           000000BC  Fradio_registers$RNDL$0$0          radio_registers
           000000BC  Fradio_registers$T4IE$0$0          radio_registers
           000000BC  Ftest_radio_signal_tx$RNDL$0$0     test_radio_signal_tx
           000000BC  Ftest_radio_signal_tx$T4IE$0$0     test_radio_signal_tx
           000000BC  Ftime$RNDL$0$0                     time
           000000BC  Ftime$T4IE$0$0                     time
           000000BC  Fusb$RNDL$0$0                      usb
           000000BC  Fusb$T4IE$0$0                      usb
           000000BC  Fusb_cdc_acm$RNDL$0$0              usb_cdc_acm
           000000BC  Fusb_cdc_acm$T4IE$0$0              usb_cdc_acm
           000000BD  Fboard$P0IE$0$0                    board
           000000BD  Fboard$RNDH$0$0                    board
           000000BD  Fdma$P0IE$0$0                      dma
           000000BD  Fdma$RNDH$0$0                      dma
           000000BD  Fgreen_led$P0IE$0$0                green_led
           000000BD  Fgreen_led$RNDH$0$0                green_led
           000000BD  Fradio_registers$P0IE$0$0          radio_registers
           000000BD  Fradio_registers$RNDH$0$0          radio_registers
           000000BD  Ftest_radio_signal_tx$P0IE$0$0     test_radio_signal_tx
           000000BD  Ftest_radio_signal_tx$RNDH$0$0     test_radio_signal_tx
           000000BD  Ftime$P0IE$0$0                     time
           000000BD  Ftime$RNDH$0$0                     time
           000000BD  Fusb$P0IE$0$0                      usb
           000000BD  Fusb$RNDH$0$0                      usb
           000000BD  Fusb_cdc_acm$P0IE$0$0              usb_cdc_acm
           000000BD  Fusb_cdc_acm$RNDH$0$0              usb_cdc_acm
           000000BE  Fboard$SLEEP$0$0                   board
           000000BE  Fboard$_IEN16$0$0                  board
           000000BE  Fdma$SLEEP$0$0                     dma
           000000BE  Fdma$_IEN16$0$0                    dma
           000000BE  Fgreen_led$SLEEP$0$0               green_led
           000000BE  Fgreen_led$_IEN16$0$0              green_led
           000000BE  Fradio_registers$SLEEP$0$0         radio_registers
           000000BE  Fradio_registers$_IEN16$0$0        radio_registers
           000000BE  Ftest_radio_signal_tx$SLEEP$0$0    test_radio_signal_tx
           000000BE  Ftest_radio_signal_tx$_IEN16$0$0   test_radio_signal_tx
           000000BE  Ftime$SLEEP$0$0                    time
           000000BE  Ftime$_IEN16$0$0                   time
           000000BE  Fusb$SLEEP$0$0                     usb
           000000BE  Fusb$_IEN16$0$0                    usb
           000000BE  Fusb_cdc_acm$SLEEP$0$0             usb_cdc_acm
           000000BE  Fusb_cdc_acm$_IEN16$0$0            usb_cdc_acm
ASxxxx Linker V02.00 + NoICE + sdld,  page 20.
Hexadecimal  [32-Bits]

Area                                    Addr        Size        Decimal Bytes (Attributes)
--------------------------------        ----        ----        ------- ----- ------------
.	.ABS.                             00000000    00000000 =           0. bytes (ABS,CON)

      Value  Global                              Global Defined In Module
      -----  --------------------------------   ------------------------
           000000BF  Fboard$_IEN17$0$0                  board
           000000BF  Fdma$_IEN17$0$0                    dma
           000000BF  Fgreen_led$_IEN17$0$0              green_led
           000000BF  Fradio_registers$_IEN17$0$0        radio_registers
           000000BF  Ftest_radio_signal_tx$_IEN17$0$0   test_radio_signal_tx
           000000BF  Ftime$_IEN17$0$0                   time
           000000BF  Fusb$_IEN17$0$0                    usb
           000000BF  Fusb_cdc_acm$_IEN17$0$0            usb_cdc_acm
           000000C0  Fboard$DMAIF$0$0                   board
           000000C0  Fboard$IRCON$0$0                   board
           000000C0  Fdma$DMAIF$0$0                     dma
           000000C0  Fdma$IRCON$0$0                     dma
           000000C0  Fgreen_led$DMAIF$0$0               green_led
           000000C0  Fgreen_led$IRCON$0$0               green_led
           000000C0  Fradio_registers$DMAIF$0$0         radio_registers
           000000C0  Fradio_registers$IRCON$0$0         radio_registers
           000000C0  Ftest_radio_signal_tx$DMAIF$0$0    test_radio_signal_tx
           000000C0  Ftest_radio_signal_tx$IRCON$0$0    test_radio_signal_tx
           000000C0  Ftime$DMAIF$0$0                    time
           000000C0  Ftime$IRCON$0$0                    time
           000000C0  Fusb$DMAIF$0$0                     usb
           000000C0  Fusb$IRCON$0$0                     usb
           000000C0  Fusb_cdc_acm$DMAIF$0$0             usb_cdc_acm
           000000C0  Fusb_cdc_acm$IRCON$0$0             usb_cdc_acm
           000000C1  Fboard$T1IF$0$0                    board
           000000C1  Fboard$U0DBUF$0$0                  board
           000000C1  Fdma$T1IF$0$0                      dma
           000000C1  Fdma$U0DBUF$0$0                    dma
           000000C1  Fgreen_led$T1IF$0$0                green_led
           000000C1  Fgreen_led$U0DBUF$0$0              green_led
           000000C1  Fradio_registers$T1IF$0$0          radio_registers
           000000C1  Fradio_registers$U0DBUF$0$0        radio_registers
           000000C1  Ftest_radio_signal_tx$T1IF$0$0     test_radio_signal_tx
           000000C1  Ftest_radio_signal_tx$U0DBUF$0$0   test_radio_signal_tx
           000000C1  Ftime$T1IF$0$0                     time
           000000C1  Ftime$U0DBUF$0$0                   time
           000000C1  Fusb$T1IF$0$0                      usb
           000000C1  Fusb$U0DBUF$0$0                    usb
           000000C1  Fusb_cdc_acm$T1IF$0$0              usb_cdc_acm
           000000C1  Fusb_cdc_acm$U0DBUF$0$0            usb_cdc_acm
           000000C2  Fboard$T2IF$0$0                    board
           000000C2  Fboard$U0BAUD$0$0                  board
           000000C2  Fdma$T2IF$0$0                      dma
           000000C2  Fdma$U0BAUD$0$0                    dma
           000000C2  Fgreen_led$T2IF$0$0                green_led
           000000C2  Fgreen_led$U0BAUD$0$0              green_led
           000000C2  Fradio_registers$T2IF$0$0          radio_registers
           000000C2  Fradio_registers$U0BAUD$0$0        radio_registers
           000000C2  Ftest_radio_signal_tx$T2IF$0$0     test_radio_signal_tx
           000000C2  Ftest_radio_signal_tx$U0BAUD$0$0   test_radio_signal_tx
           000000C2  Ftime$T2IF$0$0                     time
ASxxxx Linker V02.00 + NoICE + sdld,  page 21.
Hexadecimal  [32-Bits]

Area                                    Addr        Size        Decimal Bytes (Attributes)
--------------------------------        ----        ----        ------- ----- ------------
.	.ABS.                             00000000    00000000 =           0. bytes (ABS,CON)

      Value  Global                              Global Defined In Module
      -----  --------------------------------   ------------------------
           000000C2  Ftime$U0BAUD$0$0                   time
           000000C2  Fusb$T2IF$0$0                      usb
           000000C2  Fusb$U0BAUD$0$0                    usb
           000000C2  Fusb_cdc_acm$T2IF$0$0              usb_cdc_acm
           000000C2  Fusb_cdc_acm$U0BAUD$0$0            usb_cdc_acm
           000000C3  Fboard$T3IF$0$0                    board
           000000C3  Fdma$T3IF$0$0                      dma
           000000C3  Fgreen_led$T3IF$0$0                green_led
           000000C3  Fradio_registers$T3IF$0$0          radio_registers
           000000C3  Ftest_radio_signal_tx$T3IF$0$0     test_radio_signal_tx
           000000C3  Ftime$T3IF$0$0                     time
           000000C3  Fusb$T3IF$0$0                      usb
           000000C3  Fusb_cdc_acm$T3IF$0$0              usb_cdc_acm
           000000C4  Fboard$T4IF$0$0                    board
           000000C4  Fboard$U0UCR$0$0                   board
           000000C4  Fdma$T4IF$0$0                      dma
           000000C4  Fdma$U0UCR$0$0                     dma
           000000C4  Fgreen_led$T4IF$0$0                green_led
           000000C4  Fgreen_led$U0UCR$0$0               green_led
           000000C4  Fradio_registers$T4IF$0$0          radio_registers
           000000C4  Fradio_registers$U0UCR$0$0         radio_registers
           000000C4  Ftest_radio_signal_tx$T4IF$0$0     test_radio_signal_tx
           000000C4  Ftest_radio_signal_tx$U0UCR$0$0    test_radio_signal_tx
           000000C4  Ftime$T4IF$0$0                     time
           000000C4  Ftime$U0UCR$0$0                    time
           000000C4  Fusb$T4IF$0$0                      usb
           000000C4  Fusb$U0UCR$0$0                     usb
           000000C4  Fusb_cdc_acm$T4IF$0$0              usb_cdc_acm
           000000C4  Fusb_cdc_acm$U0UCR$0$0             usb_cdc_acm
           000000C5  Fboard$P0IF$0$0                    board
           000000C5  Fboard$U0GCR$0$0                   board
           000000C5  Fdma$P0IF$0$0                      dma
           000000C5  Fdma$U0GCR$0$0                     dma
           000000C5  Fgreen_led$P0IF$0$0                green_led
           000000C5  Fgreen_led$U0GCR$0$0               green_led
           000000C5  Fradio_registers$P0IF$0$0          radio_registers
           000000C5  Fradio_registers$U0GCR$0$0         radio_registers
           000000C5  Ftest_radio_signal_tx$P0IF$0$0     test_radio_signal_tx
           000000C5  Ftest_radio_signal_tx$U0GCR$0$0    test_radio_signal_tx
           000000C5  Ftime$P0IF$0$0                     time
           000000C5  Ftime$U0GCR$0$0                    time
           000000C5  Fusb$P0IF$0$0                      usb
           000000C5  Fusb$U0GCR$0$0                     usb
           000000C5  Fusb_cdc_acm$P0IF$0$0              usb_cdc_acm
           000000C5  Fusb_cdc_acm$U0GCR$0$0             usb_cdc_acm
           000000C6  Fboard$CLKCON$0$0                  board
           000000C6  Fboard$_IRCON6$0$0                 board
           000000C6  Fdma$CLKCON$0$0                    dma
           000000C6  Fdma$_IRCON6$0$0                   dma
           000000C6  Fgreen_led$CLKCON$0$0              green_led
           000000C6  Fgreen_led$_IRCON6$0$0             green_led
ASxxxx Linker V02.00 + NoICE + sdld,  page 22.
Hexadecimal  [32-Bits]

Area                                    Addr        Size        Decimal Bytes (Attributes)
--------------------------------        ----        ----        ------- ----- ------------
.	.ABS.                             00000000    00000000 =           0. bytes (ABS,CON)

      Value  Global                              Global Defined In Module
      -----  --------------------------------   ------------------------
           000000C6  Fradio_registers$CLKCON$0$0        radio_registers
           000000C6  Fradio_registers$_IRCON6$0$0       radio_registers
           000000C6  Ftest_radio_signal_tx$CLKCON$0$0   test_radio_signal_tx
           000000C6  Ftest_radio_signal_tx$_IRCON6$0$   test_radio_signal_tx
           000000C6  Ftime$CLKCON$0$0                   time
           000000C6  Ftime$_IRCON6$0$0                  time
           000000C6  Fusb$CLKCON$0$0                    usb
           000000C6  Fusb$_IRCON6$0$0                   usb
           000000C6  Fusb_cdc_acm$CLKCON$0$0            usb_cdc_acm
           000000C6  Fusb_cdc_acm$_IRCON6$0$0           usb_cdc_acm
           000000C7  Fboard$MEMCTR$0$0                  board
           000000C7  Fboard$STIF$0$0                    board
           000000C7  Fdma$MEMCTR$0$0                    dma
           000000C7  Fdma$STIF$0$0                      dma
           000000C7  Fgreen_led$MEMCTR$0$0              green_led
           000000C7  Fgreen_led$STIF$0$0                green_led
           000000C7  Fradio_registers$MEMCTR$0$0        radio_registers
           000000C7  Fradio_registers$STIF$0$0          radio_registers
           000000C7  Ftest_radio_signal_tx$MEMCTR$0$0   test_radio_signal_tx
           000000C7  Ftest_radio_signal_tx$STIF$0$0     test_radio_signal_tx
           000000C7  Ftime$MEMCTR$0$0                   time
           000000C7  Ftime$STIF$0$0                     time
           000000C7  Fusb$MEMCTR$0$0                    usb
           000000C7  Fusb$STIF$0$0                      usb
           000000C7  Fusb_cdc_acm$MEMCTR$0$0            usb_cdc_acm
           000000C7  Fusb_cdc_acm$STIF$0$0              usb_cdc_acm
           000000C9  Fboard$WDCTL$0$0                   board
           000000C9  Fdma$WDCTL$0$0                     dma
           000000C9  Fgreen_led$WDCTL$0$0               green_led
[...]
     0C:   00001115  A$green_led$829                    green_led
     0C:   00001117  A$green_led$830                    green_led
     0C:   0000111A  A$green_led$831                    green_led
     0C:   0000111C  A$green_led$835                    green_led
     0C:   0000111C  C$green_led.c$43$3$7               green_led
     0C:   0000111F  A$green_led$836                    green_led
     0C:   00001120  A$green_led$837                    green_led
     0C:   00001121  A$green_led$838                    green_led
     0C:   00001123  A$green_led$839                    green_led
     0C:   00001124  A$green_led$840                    green_led
     0C:   00001125  A$green_led$841                    green_led
     0C:   00001126  A$green_led$842                    green_led
     0C:   00001127  A$green_led$843                    green_led
     0C:   00001128  A$green_led$844                    green_led
     0C:   0000112A  A$green_led$845                    green_led
     0C:   0000112C  A$green_led$848                    green_led
     0C:   0000112C  C$green_led.c$45$4$9               green_led
     0C:   0000112E  A$green_led$849                    green_led
     0C:   00001130  A$green_led$853                    green_led
     0C:   00001130  C$green_led.c$50$4$11              green_led
     0C:   00001133  A$green_led$854                    green_led
     0C:   00001135  A$green_led$858                    green_led
ASxxxx Linker V02.00 + NoICE + sdld,  page 117.
Hexadecimal  [32-Bits]

Area                                    Addr        Size        Decimal Bytes (Attributes)
--------------------------------        ----        ----        ------- ----- ------------
CSEG                                00000501    00000D3C =        3388. bytes (REL,CON,CODE)

      Value  Global                              Global Defined In Module
      -----  --------------------------------   ------------------------
     0C:   00001135  C$green_led.c$57$3$13              green_led
     0C:   00001138  A$green_led$859                    green_led
     0C:   0000113A  A$green_led$860                    green_led
     0C:   0000113C  A$green_led$861                    green_led
     0C:   0000113D  A$green_led$862                    green_led
     0C:   0000113E  A$green_led$863                    green_led
     0C:   0000113F  A$green_led$864                    green_led
     0C:   00001141  A$green_led$865                    green_led
     0C:   00001142  A$green_led$866                    green_led
     0C:   00001144  A$green_led$867                    green_led
     0C:   00001147  A$green_led$868                    green_led
     0C:   00001149  A$green_led$870                    green_led
     0C:   0000114B  A$green_led$871                    green_led
     0C:   0000114E  A$green_led$872                    green_led
     0C:   00001150  A$green_led$876                    green_led
     0C:   00001150  C$green_led.c$59$1$1               green_led
     0C:   00001150  XG$usbShowStatusWithGreenLed$0$0   green_led
     0C:   00001151  A$radio_registers$744              radio_registers
     0C:   00001151  C$radio_registers.c$4$0$0          radio_registers
     0C:   00001151  C$radio_registers.c$7$1$1          radio_registers
     0C:   00001151  G$radioRegistersInit$0$0           radio_registers
     0C:   00001151  _radioRegistersInit                radio_registers
     0C:   00001154  A$radio_registers$745              radio_registers
     0C:   00001156  A$radio_registers$746              radio_registers
     0C:   00001157  A$radio_registers$749              radio_registers
     0C:   00001157  C$radio_registers.c$12$1$1         radio_registers
     0C:   0000115A  A$radio_registers$750              radio_registers
     0C:   0000115C  A$radio_registers$751              radio_registers
     0C:   0000115D  A$radio_registers$754              radio_registers
     0C:   0000115D  C$radio_registers.c$13$1$1         radio_registers
     0C:   00001160  A$radio_registers$755              radio_registers
     0C:   00001162  A$radio_registers$756              radio_registers
     0C:   00001163  A$radio_registers$759              radio_registers
     0C:   00001163  C$radio_registers.c$14$1$1         radio_registers
     0C:   00001166  A$radio_registers$760              radio_registers
     0C:   00001167  A$radio_registers$761              radio_registers
     0C:   00001168  A$radio_registers$764              radio_registers
     0C:   00001168  C$radio_registers.c$27$1$1         radio_registers
     0C:   0000116B  A$radio_registers$765              radio_registers
     0C:   0000116D  A$radio_registers$766              radio_registers
     0C:   0000116E  A$radio_registers$769              radio_registers
     0C:   0000116E  C$radio_registers.c$28$1$1         radio_registers
     0C:   00001171  A$radio_registers$770              radio_registers
     0C:   00001173  A$radio_registers$771              radio_registers
     0C:   00001174  A$radio_registers$774              radio_registers
     0C:   00001174  C$radio_registers.c$32$1$1         radio_registers
     0C:   00001177  A$radio_registers$775              radio_registers
     0C:   00001179  A$radio_registers$776              radio_registers
     0C:   0000117A  A$radio_registers$779              radio_registers
     0C:   0000117A  C$radio_registers.c$33$1$1         radio_registers
     0C:   0000117D  A$radio_registers$780              radio_registers
ASxxxx Linker V02.00 + NoICE + sdld,  page 118.
Hexadecimal  [32-Bits]

Area                                    Addr        Size        Decimal Bytes (Attributes)
--------------------------------        ----        ----        ------- ----- ------------
CSEG                                00000501    00000D3C =        3388. bytes (REL,CON,CODE)

      Value  Global                              Global Defined In Module
      -----  --------------------------------   ------------------------
     0C:   0000117E  A$radio_registers$781              radio_registers
     0C:   0000117F  A$radio_registers$784              radio_registers
     0C:   0000117F  C$radio_registers.c$39$1$1         radio_registers
     0C:   00001182  A$radio_registers$785              radio_registers
     0C:   00001184  A$radio_registers$786              radio_registers
     0C:   00001185  A$radio_registers$787              radio_registers
     0C:   00001188  A$radio_registers$788              radio_registers
     0C:   0000118A  A$radio_registers$789              radio_registers
     0C:   0000118B  A$radio_registers$792              radio_registers
     0C:   0000118B  C$radio_registers.c$46$1$1         radio_registers
     0C:   0000118E  A$radio_registers$793              radio_registers
     0C:   00001190  A$radio_registers$794              radio_registers
     0C:   00001191  A$radio_registers$797              radio_registers
     0C:   00001191  C$radio_registers.c$51$1$1         radio_registers
     0C:   00001194  A$radio_registers$798              radio_registers
     0C:   00001196  A$radio_registers$799              radio_registers
     0C:   00001197  A$radio_registers$802              radio_registers
     0C:   00001197  C$radio_registers.c$52$1$1         radio_registers
     0C:   0000119A  A$radio_registers$803              radio_registers
     0C:   0000119C  A$radio_registers$804              radio_registers
     0C:   0000119D  A$radio_registers$807              radio_registers
     0C:   0000119D  C$radio_registers.c$56$1$1         radio_registers
     0C:   000011A0  A$radio_registers$808              radio_registers
     0C:   000011A2  A$radio_registers$809              radio_registers
     0C:   000011A3  A$radio_registers$812              radio_registers
     0C:   000011A3  C$radio_registers.c$57$1$1         radio_registers
     0C:   000011A6  A$radio_registers$813              radio_registers
     0C:   000011A8  A$radio_registers$814              radio_registers
     0C:   000011A9  A$radio_registers$817              radio_registers
     0C:   000011A9  C$radio_registers.c$63$1$1         radio_registers
     0C:   000011AC  A$radio_registers$818              radio_registers
     0C:   000011AE  A$radio_registers$819              radio_registers
     0C:   000011AF  A$radio_registers$822              radio_registers
     0C:   000011AF  C$radio_registers.c$64$1$1         radio_registers
     0C:   000011B2  A$radio_registers$823              radio_registers
     0C:   000011B3  A$radio_registers$824              radio_registers
     0C:   000011B4  A$radio_registers$827              radio_registers
     0C:   000011B4  C$radio_registers.c$65$1$1         radio_registers
     0C:   000011B7  A$radio_registers$828              radio_registers
     0C:   000011B9  A$radio_registers$829              radio_registers
     0C:   000011BA  A$radio_registers$832              radio_registers
     0C:   000011BA  C$radio_registers.c$68$1$1         radio_registers
     0C:   000011BD  A$radio_registers$833              radio_registers
     0C:   000011BF  A$radio_registers$834              radio_registers
     0C:   000011C0  A$radio_registers$837              radio_registers
     0C:   000011C0  C$radio_registers.c$69$1$1         radio_registers
     0C:   000011C3  A$radio_registers$838              radio_registers
     0C:   000011C5  A$radio_registers$839              radio_registers
     0C:   000011C6  A$radio_registers$842              radio_registers
     0C:   000011C6  C$radio_registers.c$70$1$1         radio_registers
     0C:   000011C9  A$radio_registers$843              radio_registers
ASxxxx Linker V02.00 + NoICE + sdld,  page 119.
Hexadecimal  [32-Bits]

Area                                    Addr        Size        Decimal Bytes (Attributes)
--------------------------------        ----        ----        ------- ----- ------------
CSEG                                00000501    00000D3C =        3388. bytes (REL,CON,CODE)

      Value  Global                              Global Defined In Module
      -----  --------------------------------   ------------------------
     0C:   000011CA  A$radio_registers$844              radio_registers
     0C:   000011CB  A$radio_registers$847              radio_registers
     0C:   000011CB  C$radio_registers.c$71$1$1         radio_registers
     0C:   000011CE  A$radio_registers$848              radio_registers
     0C:   000011D0  A$radio_registers$849              radio_registers
     0C:   000011D1  A$radio_registers$852              radio_registers
     0C:   000011D1  C$radio_registers.c$75$1$1         radio_registers
     0C:   000011D4  A$radio_registers$853              radio_registers
     0C:   000011D6  A$radio_registers$854              radio_registers
     0C:   000011D7  A$radio_registers$857              radio_registers
     0C:   000011D7  C$radio_registers.c$76$1$1         radio_registers
     0C:   000011DA  A$radio_registers$858              radio_registers
     0C:   000011DC  A$radio_registers$859              radio_registers
     0C:   000011DD  A$radio_registers$862              radio_registers
     0C:   000011DD  C$radio_registers.c$77$1$1         radio_registers
     0C:   000011E0  A$radio_registers$863              radio_registers
     0C:   000011E2  A$radio_registers$864              radio_registers
     0C:   000011E3  A$radio_registers$867              radio_registers
     0C:   000011E3  C$radio_registers.c$80$1$1         radio_registers
     0C:   000011E6  A$radio_registers$868              radio_registers
     0C:   000011E8  A$radio_registers$869              radio_registers
     0C:   000011E9  A$radio_registers$872              radio_registers
     0C:   000011E9  C$radio_registers.c$81$1$1         radio_registers
     0C:   000011EC  A$radio_registers$873              radio_registers
     0C:   000011EE  A$radio_registers$874              radio_registers
     0C:   000011EF  A$radio_registers$877              radio_registers
     0C:   000011EF  C$radio_registers.c$82$1$1         radio_registers
     0C:   000011EF  XG$radioRegistersInit$0$0          radio_registers
     0C:   000011F0  A$radio_registers$890              radio_registers
     0C:   000011F0  C$radio_registers.c$84$1$1         radio_registers
     0C:   000011F0  C$radio_registers.c$86$1$1         radio_registers
     0C:   000011F0  G$radioCrcPassed$0$0               radio_registers
     0C:   000011F0  _radioCrcPassed                    radio_registers
     0C:   000011F3  A$radio_registers$891              radio_registers
     0C:   000011F4  A$radio_registers$892              radio_registers
     0C:   000011F5  A$radio_registers$893              radio_registers
     0C:   000011F7  A$radio_registers$894              radio_registers
     0C:   000011F9  A$radio_registers$897              radio_registers
     0C:   000011F9  C$radio_registers.c$87$1$1         radio_registers
     0C:   000011F9  XG$radioCrcPassed$0$0              radio_registers
     0C:   000011FA  A$radio_registers$910              radio_registers
     0C:   000011FA  C$radio_registers.c$89$1$1         radio_registers
     0C:   000011FA  C$radio_registers.c$91$1$1         radio_registers
     0C:   000011FA  G$radioLqi$0$0                     radio_registers
     0C:   000011FA  _radioLqi                          radio_registers
     0C:   000011FD  A$radio_registers$911              radio_registers
     0C:   000011FE  A$radio_registers$912              radio_registers
     0C:   000011FF  A$radio_registers$913              radio_registers
     0C:   00001201  A$radio_registers$914              radio_registers
     0C:   00001202  A$radio_registers$915              radio_registers
     0C:   00001204  A$radio_registers$918              radio_registers
ASxxxx Linker V02.00 + NoICE + sdld,  page 120.
Hexadecimal  [32-Bits]

Area                                    Addr        Size        Decimal Bytes (Attributes)
--------------------------------        ----        ----        ------- ----- ------------
CSEG                                00000501    00000D3C =        3388. bytes (REL,CON,CODE)

      Value  Global                              Global Defined In Module
      -----  --------------------------------   ------------------------
     0C:   00001204  C$radio_registers.c$92$1$1         radio_registers
     0C:   00001204  XG$radioLqi$0$0                    radio_registers
     0C:   00001205  A$radio_registers$931              radio_registers
     0C:   00001205  C$radio_registers.c$94$1$1         radio_registers
     0C:   00001205  C$radio_registers.c$96$1$1         radio_registers
     0C:   00001205  G$radioRssi$0$0                    radio_registers
     0C:   00001205  _radioRssi                         radio_registers
     0C:   00001208  A$radio_registers$932              radio_registers
     0C:   00001209  A$radio_registers$933              radio_registers
     0C:   0000120A  A$radio_registers$934              radio_registers
     0C:   0000120C  A$radio_registers$935              radio_registers
     0C:   0000120F  A$radio_registers$936              radio_registers
     0C:   00001210  A$radio_registers$937              radio_registers
     0C:   00001213  A$radio_registers$938              radio_registers
     0C:   00001215  A$radio_registers$939              radio_registers
     0C:   00001216  A$radio_registers$940              radio_registers
     0C:   00001217  A$radio_registers$942              radio_registers
     0C:   00001218  A$radio_registers$943              radio_registers
     0C:   0000121B  A$radio_registers$944              radio_registers
     0C:   0000121C  A$radio_registers$945              radio_registers
     0C:   0000121D  A$radio_registers$947              radio_registers
     0C:   0000121F  A$radio_registers$948              radio_registers
     0C:   00001221  A$radio_registers$951              radio_registers
     0C:   00001221  C$radio_registers.c$97$1$1         radio_registers
     0C:   00001221  XG$radioRssi$0$0                   radio_registers
     0C:   00001222  __sdcc_external_startup            _startup
     0C:   00001235  _delayMicroseconds                 delay

ASxxxx Linker V02.00 + NoICE + sdld,  page 121.
Hexadecimal  [32-Bits]

Area                                    Addr        Size        Decimal Bytes (Attributes)
--------------------------------        ----        ----        ------- ----- ------------
CONST                               0000123D    00000098 =         152. bytes (REL,CON,CODE)

      Value  Global                              Global Defined In Module
      -----  --------------------------------   ------------------------
     0C:   0000123D  G$param_radio_channel$0$0          test_radio_signal_tx
     0C:   0000123D  _param_radio_channel               test_radio_signal_tx
     0C:   00001241  G$usbDeviceDescriptor$0$0          usb_cdc_acm
     0C:   00001241  _usbDeviceDescriptor               usb_cdc_acm
     0C:   00001253  G$usbConfigurationDescriptor$0$0   usb_cdc_acm
     0C:   00001253  _usbConfigurationDescriptor        usb_cdc_acm
     0C:   00001296  G$usbStringDescriptorCount$0$0     usb_cdc_acm
     0C:   00001296  _usbStringDescriptorCount          usb_cdc_acm
     0C:   00001297  Fusb_cdc_acm$languages$0$0         usb_cdc_acm
     0C:   0000129B  Fusb_cdc_acm$manufacturer$0$0      usb_cdc_acm
     0C:   000012C1  Fusb_cdc_acm$product$0$0           usb_cdc_acm
     0C:   000012CD  G$usbStringDescriptors$0$0         usb_cdc_acm
     0C:   000012CD  _usbStringDescriptors              usb_cdc_acm

ASxxxx Linker V02.00 + NoICE + sdld,  page 122.
Hexadecimal  [32-Bits]

Area                                    Addr        Size        Decimal Bytes (Attributes)
--------------------------------        ----        ----        ------- ----- ------------
XINIT                               000012D5    00000009 =           9. bytes (REL,CON,CODE)

      Value  Global                              Global Defined In Module
      -----  --------------------------------   ------------------------
     0C:   000012D5  Fusb_cdc_acm$__xinit_usbComLineC   usb_cdc_acm
     0C:   000012DC  Fusb$__xinit_usbDeviceState$0$0    usb
     0C:   000012DD  Fusb$__xinit_controlTransferStat   usb
ASxxxx Linker V02.00 + NoICE + sdld,  page 123.

Files Linked                              [ module(s) ]

libraries/xpage/xpage.rel                 [  ]
apps/test_radio_signal_tx/test_radio_signal_tx.rel
                                          [  ]


Libraries Linked                          [ object file ]

C:\Program Files\SDCC\bin\..\lib\medium/mcs51.lib
                                          [ crtclear.rel ]
C:\Program Files\SDCC\bin\..\lib\medium/mcs51.lib
                                          [ crtxinit.rel ]
libraries/lib/wixel.lib                   [ board ]
libraries/lib/usb_cdc_acm.lib             [ usb_cdc_acm ]
libraries/lib/wixel.lib                   [ fixed ]
libraries/lib/wixel.lib                   [ time ]
C:\Program Files\SDCC\bin\..\lib\medium/mcs51.lib
                                          [ crtxclear.rel ]
libraries/lib/dma.lib                     [ dma ]
libraries/lib/usb.lib                     [ usb ]
C:\Program Files\SDCC\bin\..\lib\medium/mcs51.lib
                                          [ crtcall.rel ]
libraries/lib/usb.lib                     [ green_led ]
libraries/lib/radio_registers.lib         [ radio_registers ]
C:\Program Files\SDCC\bin\..\lib\medium/mcs51.lib
                                          [ crtstart.rel ]
C:\Program Files\SDCC\bin\..\lib\medium/libsdcc.lib
                                          [ _startup.rel ]
libraries/lib/wixel.lib                   [ delay ]

ASxxxx Linker V02.00 + NoICE + sdld,  page 124.

User Base Address Definitions

HOME = 0x0400
XSEG = 0xf000
PSEG = 0xf000
ISEG = 0x0000
BSEG = 0x0000

